version: 2
updates:
  - package-ecosystem: "github-actions"
    directories: ["/", ".github/actions/*/*.yml", ".github/actions/*/*.yaml", "action.yml", "action.yaml", "actions/*/*.yml", "actions/*/*.yaml"]
    schedule:
      interval: "daily"
    groups:
      github-actions:
        patterns: ["*"]
        update-types: ["minor", "patch"]
    labels:
      - "dependencies"

  - package-ecosystem: "docker"
    directories: ["."]
    schedule:
      interval: "daily"
    allow:
      - dependency-type: all
    groups:
      docker:
        patterns: ["*"]
        update-types: ["minor", "patch"]
    labels:
      - "dependencies"

  - package-ecosystem: "gomod"
    directories: [".", "yolo"]
    schedule:
      interval: "daily"
    allow:
      - dependency-type: all
    groups:
      gomod:
        patterns: ["*"]
        update-types: ["minor", "patch"]
    labels:
      - "dependencies"
