version: 2
updates:
  - package-ecosystem: "github-actions"
    directories: ["/", ".github/actions/*/*.yml", ".github/actions/*/*.yaml", "action.yml", "action.yaml", "actions/*/*.yml", "actions/*/*.yaml"]
    schedule:
      interval: "weekly"
    groups:
      github-actions:
        patterns: ["*"]
        update-types: ["minor", "patch"]
    labels:
      - "dependencies"

  - package-ecosystem: "gomod"
    directories: ["/"]
    schedule:
      interval: "weekly"
    allow:
      - dependency-type: all
    groups:
      gomod:
        patterns: ["*"]
        update-types: ["minor", "patch"]
    labels:
      - "dependencies"

  - package-ecosystem: "uv"
    directories: ["project-a"]
    schedule:
      interval: "weekly"
    allow:
      - dependency-type: all
    groups:
      uv:
        patterns: ["*"]
        update-types: ["minor", "patch"]
    labels:
      - "dependencies"

  - package-ecosystem: "gomod"
    directory: "/.tools"
    schedule:
      interval: "monthly"
    reviewers:
      - "my-org/tools-team"
